---
source: crates/sesh/tests/test.rs
expression: output
input_file: crates/sesh/tests/cases/ui/onto-scrollbar.md
---
# Onto scrollbar

This scenario verifies that the onto picker renders a scrollbar for a current
repo log that overflows the preview-shaped pane, then applies fuzzy-match
underlines to matching log text. Scrolling is not wired yet, so the first check
only asserts that the scrollbar is present at the top of the pane.

    :bins jj cat python3

> [!NOTE]
> 'jj', 'cat', and 'python3' are available.

    :copy tests/fixtures/jjconfig.toml .jjconfig.toml (copied)

    :w scripts/mklog.py (written)

```python
from subprocess import run
from sys import argv

repo, prefix, count = argv[1:]
count = int(count)
for i in range(1, count + 1):
    run(["jj", "describe", "-R", repo, "-m", f"{prefix} {i:02d}"], check=True)
    if i != count:
        run(["jj", "new", "-R", repo], check=True)
```

    :t rename-session -t 0 runner (success)
    :$ jj git init long (exit: 0)
    :$ python3 scripts/mklog.py long line 6 (exit: 0)
    :t new-session -d -s plain "cat" (success)
    :t new-session -d -s ui "cd long && sesh -r ../long" (success)
    :t resize-window -t ui:0 -x 90 -y 10 (success)
    :pane ui:0.0

Press `C-o` to render the current repo log in the onto picker. The log is
longer than the preview-shaped pane, so the scrollbar thumb should be visible
at the top edge.

    :settle -d 2s (settled)
    :k C-o
    :snap -d 2s "/\d{4}-\d{2}-\d{2} \d{2}:\d{2}:\d{1,2}/t" "/(?:@|○|◆)\s+([a-z]{8})/w" "/\b([0-9a-f]{8})\b/h"

```terminal
onto:
  4/4 | [C-r] repo: ~/long, [C-o] onto: trunk() | [C-x] close, [C-f] flag
▌⬤ plain                                                                                 ┃
──────────────────────────────────────────────────────────────────────────────────────────
@  wwwwwwww (no email set) ttttttttttttttttttt hhhhhhhh                                  ┃
│  (empty) line 06                                                                       ┃
○  wwwwwwww (no email set) ttttttttttttttttttt hhhhhhhh                                  ┃
│  (empty) line 05                                                                       │
○  wwwwwwww (no email set) ttttttttttttttttttt hhhhhhhh                                  │
│  (empty) line 04                                                                       │
```

Typing an onto query should update the fuzzy model used by rendering. The SVG
snapshot preserves the underlines on the matching characters in the visible
`line 06` description.

    :k pty6
    :snap --color "/\d{4}-\d{2}-\d{2} \d{2}:\d{2}:\d{1,2}/t" "/(?:@|○|◆)\s+([a-z]{8})/w" "/\b([0-9a-f]{8})\b/h"

```terminal
onto: pty6
  4/4 | [C-r] repo: ~/long, [C-o] onto: trunk() | [C-x] close, [C-f] flag
▌⬤ plain                                                                                 ┃
──────────────────────────────────────────────────────────────────────────────────────────
@  wwwwwwww (no email set) ttttttttttttttttttt hhhhhhhh                                  ┃
│  (empty) line 06                                                                       ┃
○  wwwwwwww (no email set) ttttttttttttttttttt hhhhhhhh                                  ┃
│  (empty) line 05                                                                       │
○  wwwwwwww (no email set) ttttttttttttttttttt hhhhhhhh                                  │
│  (empty) line 04                                                                       │
```

![light](onto-scrollbar.md.snap.2.light.svg)
![dark](onto-scrollbar.md.snap.2.dark.svg)

---
vim: set ft=markdown:
