---
source: crates/sesh/tests/test.rs
expression: output
input_file: crates/sesh/tests/cases/ui/preview-scroll.md
---
# Preview scroll

This scenario verifies the preview scrollbar behavior for a long repo-backed
preview: it should start at the top and reach the bottom after scrolling.

The test configures `jj log` to show only commit descriptions, and uses a
single commit with a multiline description. That keeps the preview stable while
making the scrollbar movement easy to read in snapshots.

The helper script below writes a numbered multiline description into a repo so
these long-preview fixtures stay compact and readable.

    :bins jj cat python3

> [!NOTE]
> 'jj', 'cat', and 'python3' are available.

    :w scripts/mklog.py (written)
```python
from subprocess import run
from sys import argv

repo, prefix, count_text = argv[1:]
count = int(count_text)
message = "\n".join(f"{prefix} {i:02d}" for i in range(1, count + 1))
run(["jj", "describe", "-R", repo, "-m", message], check=True)
```

    :t rename-session -t 0 runner (success)
    :$ jj git init long (exit: 0)
    :$ jj config set --repo -R long templates.log 'description' (exit: 0)
    :$ python3 scripts/mklog.py long line 18 (exit: 0)
    :t new-session -d -s plain "cat" (success)
    :t new-session -d -s ui "sesh cli -r long" (success)
    :t resize-window -t ui:0 -x 120 -y 12 (success)
    :pane ui:0.0

This snapshot shows the long preview at its initial position. The preview
scrollbar thumb should start at the top of the scroll area.

    :k long down
    :snap -d 2s

```terminal
session: long                                  ┃@  line 01                                                             ┃
  1/4 | [C-r] repo: none                       ┃│  line 02                                                             ┃
▌long                                     long ┃│  line 03                                                             ┃
                                               ┃│  line 04                                                             ┃
                                               ┃│  line 05                                                             ┃
                                               ┃│  line 06                                                             ┃
                                               ┃│  line 07                                                             ┃
                                               ┃│  line 08                                                             ┃
                                               ┃│  line 09                                                             │
                                               ┃│  line 10                                                             │
                                               ┃│  line 11                                                             │
                                               ┃│  line 12                                                             │
```

This snapshot shows the preview after repeated `S-down` presses. The preview
scrollbar thumb should reach the bottom of the scroll area.

    :k S-down S-down S-down S-down S-down S-down S-down S-down S-down S-down S-down S-down S-down S-down S-down
    :snap

```terminal
session: long                                  ┃│  line 08                                                             │
  1/4 | [C-r] repo: none                       ┃│  line 09                                                             │
▌long                                     long ┃│  line 10                                                             │
                                               ┃│  line 11                                                             │
                                               ┃│  line 12                                                             ┃
                                               ┃│  line 13                                                             ┃
                                               ┃│  line 14                                                             ┃
                                               ┃│  line 15                                                             ┃
                                               ┃│  line 16                                                             ┃
                                               ┃│  line 17                                                             ┃
                                               ┃│  line 18                                                             ┃
                                               ┃◆                                                                      ┃
```

---
vim: set ft=markdown:
