---
source: crates/sesh/tests/test.rs
expression: output
input_file: crates/sesh/tests/cases/ui/session-switch.md
---
# Session switch

This scenario launches `sesh cli` in the runner's attached tmux pane and verifies
that pressing Enter on a live session switches that client to the selected
session.

    :bins jj cat tmux

> [!NOTE]
> 'jj', 'cat', and 'tmux' are available.

    :t rename-session -t 0 runner (success)
    :t new-session -d -s beta "printf 'beta target'; cat" (success)
    :t resize-window -t runner:0 -x 80 -y 10 (success)

Respawn the runner's current pane with `sesh cli`. Shell directives receive the
runner's `TMUX` and `TMUX_PANE` environment, so this targets the pane currently
shown by the control-mode client.

    :$ tmux respawn-pane -k 'sesh cli' (exit: 0)

Type a query that selects `beta`, wait for the picker to redraw, and accept it.
The next snapshot should follow the control-mode client to the selected session
and capture the `beta` pane.

    :k bet
    :snap

```terminal
session: bet                   ┃
  1/2 | [C-r] repo: none | [C-n┃
▌⬤ beta                        ┃
                               ┃
                               ┃
                               ┃
                               ┃
                               ┃
                               ┃
                               ┃
```
    :k enter
    :snap -d 2s

```terminal
beta target























```

---
vim: set ft=markdown:
