---
source: crates/sesh-integration-tests/tests/test.rs
expression: output
input_file: crates/sesh-integration-tests/tests/cases/runner/snap.md
---
# Runner snap directive behavior

## Captures stable pane content

If repeated pane captures settle to five identical filtered snapshots before
the timeout, the settled capture should be emitted as the snapshot.

    :bins echo sleep

> [!NOTE]
> 'echo', and 'sleep' are available.

    :t new-window -d -n stable 'echo "hello stable"; tmux wait-for -S ready-stable; sleep 10' (success)
    :p 0:stable.0
    :t resize-window -x 80 -y 2 -t 0:stable (success)

    :t wait-for ready-stable (success)
    :snap -c 1 /stable/X

```terminal
hello XXXXXX

```

## Paints multiple capture groups only

When a snap filter has multiple capture groups, only captured ranges should be painted and
surrounding literal text should remain unchanged.

    :t new-window -d -n groups 'echo "id=123 user=alice"; tmux wait-for -S ready-groups; sleep 10' (success)
    :p 0:groups.0
    :t resize-window -x 80 -y 2 -t 0:groups (success)

    :t wait-for ready-groups (success)
    :snap -c 1 "/id=([0-9]+) user=([a-z]+)/👩🏽‍💻"

```terminal
id=👩🏽‍💻👩🏽‍💻👩🏽‍💻 user=👩🏽‍💻👩🏽‍💻👩🏽‍💻👩🏽‍💻👩🏽‍💻

```

## Paints nested capture groups once

Nested capture groups overlap; painting should merge overlapping captured ranges so characters are
painted once.

    :t new-window -d -n nested 'echo "token=abcd"; tmux wait-for -S ready-nested; sleep 10' (success)
    :p 0:nested.0
    :t resize-window -x 80 -y 2 -t 0:nested (success)

    :t wait-for ready-nested (success)
    :snap -c 1 /token=(a(bc)d)/👩🏽‍💻

```terminal
token=👩🏽‍💻👩🏽‍💻👩🏽‍💻👩🏽‍💻

```

## Warns for unstable pane content

If repeated pane captures do not settle before the timeout, the runner should
emit a warning instead of a snapshot.

    :bins python3

> [!NOTE]
> 'python3' is available.

    :t new-window -d -n unstable 'python3 -c "import itertools, subprocess, time; print(0, flush=True); subprocess.run([\"tmux\", \"wait-for\", \"-S\", \"ready-unstable\"], check=True); [print(i, flush=True) or time.sleep(0.005) for i in itertools.count(1)]"' (success)
    :p 0:unstable.0
    :t resize-window -x 80 -y 2 -t 0:unstable (success)

    :t wait-for ready-unstable (success)
    :snap -d 200ms

> [!WARNING]
> pane did not stabilize in 200ms

---
vim: set ft=markdown:
