---
source: crates/sesh-integration-tests/tests/test.rs
expression: output
---
# Runner parser error behavior

## Unterminated shell args

This section verifies that shlex failures are preserved as parser errors and emitted as WARNING
callouts by the runner.

:sh "unterminated
> [!WARNING]
> Parser error: invalid shell arguments

## Unknown directive

This section verifies that unknown directives are surfaced as parser errors in transcript output,
rather than being silently ignored.

:unknown abc
> [!WARNING]
> Parser error: unknown directive ':unknown'

## Invalid snap regex

This section verifies that invalid regular expressions in `:snap` become parser errors with
diagnostic detail.

:snap /(unterminated/repl/
> [!WARNING]
> Parser error: invalid regex pattern
>
> Caused by:
>     regex parse error:
>         (unterminated
>         ^
>     error: unclosed group

---
vim: set ft=markdown:
