---
source: crates/sesh-integration-tests/src/parser.rs
expression: "Script::parse(&[\":snap /(unterminated/repl/\", \"\"].join(\"\\n\"))"
---
Script {
    lines: [
        Line {
            kind: Error {
                message: "invalid regex pattern\n\nCaused by:\n    regex parse error:\n        (unterminated\n        ^\n    error: unclosed group",
            },
            raw: ":snap /(unterminated/repl/",
        },
    ],
}
