---
source: crates/sesh-integration-tests/src/parser.rs
expression: "Script::parse(&[\":snap /foo/👩🏽‍💻\", \"\"].join(\"\\n\"))"
---
Script {
    lines: [
        Line {
            kind: Snap {
                filters: [
                    Filter {
                        patt: Regex(
                            "foo",
                        ),
                        paint: "👩🏽\u{200d}💻",
                    },
                ],
            },
            raw: ":snap /foo/👩🏽\u{200d}💻",
        },
    ],
}
