---
source: crates/sesh-integration-tests/src/parser.rs
expression: "Script::parse(&[\":k INVALID\", \"\"].join(\"\\n\"))"
---
Script {
    lines: [
        Line {
            kind: Error {
                message: "error parsing keys: INVALID\n^\n",
            },
            raw: ":k INVALID",
        },
    ],
}
