---
source: crates/sesh-integration-tests/src/parser.rs
expression: "Script::parse(&[r#\":k \"a\\\\\\\"b\"\"#, r#\"\"#].join(\"\\n\"))"
---
Script {
    lines: [
        Line {
            kind: Keys {
                keys: [
                    Text(
                        "a\\\"b",
                    ),
                ],
            },
            raw: ":k \"a\\\\\\\"b\"",
        },
    ],
}
