---
source: crates/sesh/tests/test.rs
expression: output
input_file: crates/sesh/tests/cases/help.md
---
    :$ sesh --help (exit: 0)

```stdout
Usage: sesh [OPTIONS]

Options:
  -?, --help           
      --config <PATH>  Path to a custom config file
  -r, --repo <GLOB>    Additional repository globs to surface alongside existing tmux sessions
  -V, --version        Print version
```

---
vim: set ft=markdown:
